[2026-09-14T11:21:43.292+0000] {manager.py:470} INFO - Processing files using up to 2 processes at a time 
[2026-09-14T11:21:43.295+0000] {manager.py:471} INFO - Process each file at most once every 30 seconds
[2026-09-14T11:21:43.307+0000] {manager.py:472} INFO - Checking for new files in /opt/airflow/dags every 300 seconds
[2026-09-14T11:21:43.317+0000] {manager.py:737} INFO - Searching for files in /opt/airflow/dags
[2026-09-14T11:21:43.325+0000] {manager.py:740} INFO - There are 0 files in /opt/airflow/dags
[2026-09-14T11:45:20.641+0000] {manager.py:737} INFO - Searching for files in /opt/airflow/dags
[2026-09-14T11:45:20.904+0000] {manager.py:740} INFO - There are 0 files in /opt/airflow/dags
[2026-09-14T13:04:13.753+0000] {manager.py:737} INFO - Searching for files in /opt/airflow/dags
[2026-09-14T13:04:14.381+0000] {manager.py:740} INFO - There are 0 files in /opt/airflow/dags
[2026-09-14T13:09:41.236+0000] {manager.py:737} INFO - Searching for files in /opt/airflow/dags
[2026-09-14T13:09:41.240+0000] {manager.py:740} INFO - There are 0 files in /opt/airflow/dags
[2026-09-14T13:13:31.245+0000] {manager.py:452} INFO - Exiting gracefully upon receiving signal 15
[2026-09-14T13:39:46.745+0000] {manager.py:470} INFO - Processing files using up to 2 processes at a time 
[2026-09-14T13:39:46.754+0000] {manager.py:471} INFO - Process each file at most once every 30 seconds
[2026-09-14T13:39:46.765+0000] {manager.py:472} INFO - Checking for new files in /opt/airflow/dags every 300 seconds
[2026-09-14T13:39:46.794+0000] {manager.py:737} INFO - Searching for files in /opt/airflow/dags
[2026-09-14T13:39:46.878+0000] {manager.py:740} INFO - There are 0 files in /opt/airflow/dags
[2026-09-14T13:40:13.500+0000] {manager.py:452} INFO - Exiting gracefully upon receiving signal 15
[2026-09-14T13:40:55.567+0000] {manager.py:470} INFO - Processing files using up to 2 processes at a time 
[2026-09-14T13:40:55.569+0000] {manager.py:471} INFO - Process each file at most once every 30 seconds
[2026-09-14T13:40:55.570+0000] {manager.py:472} INFO - Checking for new files in /opt/airflow/dags every 300 seconds
[2026-09-14T13:40:55.571+0000] {manager.py:737} INFO - Searching for files in /opt/airflow/dags
[2026-09-14T13:40:55.576+0000] {manager.py:740} INFO - There are 0 files in /opt/airflow/dags
[2026-09-14T13:45:56.425+0000] {manager.py:737} INFO - Searching for files in /opt/airflow/dags
[2026-09-14T13:45:56.439+0000] {manager.py:740} INFO - There are 0 files in /opt/airflow/dags
[2026-09-14T13:50:57.200+0000] {manager.py:737} INFO - Searching for files in /opt/airflow/dags
[2026-09-14T13:50:57.218+0000] {manager.py:740} INFO - There are 0 files in /opt/airflow/dags
[2026-09-14T13:55:58.041+0000] {manager.py:737} INFO - Searching for files in /opt/airflow/dags
[2026-09-14T13:55:58.049+0000] {manager.py:740} INFO - There are 0 files in /opt/airflow/dags
[2026-09-14T14:00:58.868+0000] {manager.py:737} INFO - Searching for files in /opt/airflow/dags
[2026-09-14T14:00:58.879+0000] {manager.py:740} INFO - There are 0 files in /opt/airflow/dags
[2026-09-14T14:05:59.688+0000] {manager.py:737} INFO - Searching for files in /opt/airflow/dags
[2026-09-14T14:05:59.694+0000] {manager.py:740} INFO - There are 0 files in /opt/airflow/dags
[2026-09-14T14:10:59.241+0000] {manager.py:452} INFO - Exiting gracefully upon receiving signal 15
[2026-09-14T14:12:25.511+0000] {manager.py:470} INFO - Processing files using up to 2 processes at a time 
[2026-09-14T14:12:25.514+0000] {manager.py:471} INFO - Process each file at most once every 30 seconds
[2026-09-14T14:12:25.515+0000] {manager.py:472} INFO - Checking for new files in /opt/airflow/dags every 300 seconds
[2026-09-14T14:12:25.517+0000] {manager.py:737} INFO - Searching for files in /opt/airflow/dags
[2026-09-14T14:12:25.524+0000] {manager.py:740} INFO - There are 0 files in /opt/airflow/dags
[2026-09-14T14:17:26.390+0000] {manager.py:737} INFO - Searching for files in /opt/airflow/dags
[2026-09-14T14:17:26.394+0000] {manager.py:740} INFO - There are 0 files in /opt/airflow/dags
[2026-09-14T14:22:27.283+0000] {manager.py:737} INFO - Searching for files in /opt/airflow/dags
[2026-09-14T14:22:27.295+0000] {manager.py:740} INFO - There are 0 files in /opt/airflow/dags
[2026-09-14T14:27:28.211+0000] {manager.py:737} INFO - Searching for files in /opt/airflow/dags
[2026-09-14T14:27:28.216+0000] {manager.py:740} INFO - There are 0 files in /opt/airflow/dags
[2026-09-14T14:55:33.780+0000] {manager.py:737} INFO - Searching for files in /opt/airflow/dags
[2026-09-14T14:55:33.787+0000] {manager.py:740} INFO - There are 0 files in /opt/airflow/dags
[2026-09-14T15:00:34.230+0000] {manager.py:737} INFO - Searching for files in /opt/airflow/dags
[2026-09-14T15:00:34.235+0000] {manager.py:740} INFO - There are 0 files in /opt/airflow/dags
[2026-09-14T15:05:34.769+0000] {manager.py:737} INFO - Searching for files in /opt/airflow/dags
[2026-09-14T15:05:34.776+0000] {manager.py:740} INFO - There are 0 files in /opt/airflow/dags
[2026-09-14T15:10:35.273+0000] {manager.py:737} INFO - Searching for files in /opt/airflow/dags
[2026-09-14T15:10:35.282+0000] {manager.py:740} INFO - There are 0 files in /opt/airflow/dags
[2026-09-14T15:15:35.818+0000] {manager.py:737} INFO - Searching for files in /opt/airflow/dags
[2026-09-14T15:15:35.826+0000] {manager.py:740} INFO - There are 0 files in /opt/airflow/dags
[2026-09-14T15:20:36.373+0000] {manager.py:737} INFO - Searching for files in /opt/airflow/dags
[2026-09-14T15:20:36.378+0000] {manager.py:740} INFO - There are 0 files in /opt/airflow/dags
[2026-09-14T15:25:36.882+0000] {manager.py:737} INFO - Searching for files in /opt/airflow/dags
[2026-09-14T15:25:36.891+0000] {manager.py:740} INFO - There are 0 files in /opt/airflow/dags
[2026-09-14T15:30:37.347+0000] {manager.py:737} INFO - Searching for files in /opt/airflow/dags
[2026-09-14T15:30:37.352+0000] {manager.py:740} INFO - There are 0 files in /opt/airflow/dags
[2026-09-14T15:35:37.854+0000] {manager.py:737} INFO - Searching for files in /opt/airflow/dags
[2026-09-14T15:35:37.862+0000] {manager.py:740} INFO - There are 0 files in /opt/airflow/dags
[2026-09-14T15:40:38.361+0000] {manager.py:737} INFO - Searching for files in /opt/airflow/dags
[2026-09-14T15:40:38.365+0000] {manager.py:740} INFO - There are 0 files in /opt/airflow/dags
[2026-09-14T15:45:38.925+0000] {manager.py:737} INFO - Searching for files in /opt/airflow/dags
[2026-09-14T15:45:38.930+0000] {manager.py:740} INFO - There are 0 files in /opt/airflow/dags
[2026-09-14T15:50:39.400+0000] {manager.py:737} INFO - Searching for files in /opt/airflow/dags
[2026-09-14T15:50:39.404+0000] {manager.py:740} INFO - There are 0 files in /opt/airflow/dags
[2026-09-14T15:55:39.853+0000] {manager.py:737} INFO - Searching for files in /opt/airflow/dags
[2026-09-14T15:55:39.862+0000] {manager.py:740} INFO - There are 0 files in /opt/airflow/dags
[2026-09-14T16:00:40.375+0000] {manager.py:737} INFO - Searching for files in /opt/airflow/dags
[2026-09-14T16:00:40.380+0000] {manager.py:740} INFO - There are 0 files in /opt/airflow/dags
[2026-09-14T16:05:40.866+0000] {manager.py:737} INFO - Searching for files in /opt/airflow/dags
[2026-09-14T16:05:40.872+0000] {manager.py:740} INFO - There are 0 files in /opt/airflow/dags
[2026-09-14T16:10:41.448+0000] {manager.py:737} INFO - Searching for files in /opt/airflow/dags
[2026-09-14T16:10:41.460+0000] {manager.py:740} INFO - There are 0 files in /opt/airflow/dags
[2026-09-14T16:15:42.047+0000] {manager.py:737} INFO - Searching for files in /opt/airflow/dags
[2026-09-14T16:15:42.052+0000] {manager.py:740} INFO - There are 0 files in /opt/airflow/dags
[2026-09-14T16:20:42.547+0000] {manager.py:737} INFO - Searching for files in /opt/airflow/dags
[2026-09-14T16:20:42.551+0000] {manager.py:740} INFO - There are 0 files in /opt/airflow/dags
[2026-09-14T16:25:43.064+0000] {manager.py:737} INFO - Searching for files in /opt/airflow/dags
[2026-09-14T16:25:43.069+0000] {manager.py:740} INFO - There are 0 files in /opt/airflow/dags
[2026-09-14T16:32:48.688+0000] {manager.py:737} INFO - Searching for files in /opt/airflow/dags
[2026-09-14T16:32:48.827+0000] {manager.py:740} INFO - There are 0 files in /opt/airflow/dags
[2026-09-14T19:18:09.792+0000] {manager.py:737} INFO - Searching for files in /opt/airflow/dags
[2026-09-14T19:18:09.916+0000] {manager.py:740} INFO - There are 0 files in /opt/airflow/dags
[2026-09-15T08:06:58.804+0000] {manager.py:737} INFO - Searching for files in /opt/airflow/dags
[2026-09-15T08:06:59.392+0000] {manager.py:740} INFO - There are 0 files in /opt/airflow/dags
[2026-09-15T08:11:59.529+0000] {manager.py:737} INFO - Searching for files in /opt/airflow/dags
[2026-09-15T08:11:59.539+0000] {manager.py:740} INFO - There are 0 files in /opt/airflow/dags
[2026-09-15T08:17:00.430+0000] {manager.py:737} INFO - Searching for files in /opt/airflow/dags
[2026-09-15T08:17:00.440+0000] {manager.py:740} INFO - There are 0 files in /opt/airflow/dags
[2026-09-15T08:22:01.323+0000] {manager.py:737} INFO - Searching for files in /opt/airflow/dags
[2026-09-15T08:22:01.334+0000] {manager.py:740} INFO - There are 0 files in /opt/airflow/dags
[2026-09-15T08:27:02.257+0000] {manager.py:737} INFO - Searching for files in /opt/airflow/dags
[2026-09-15T08:27:02.266+0000] {manager.py:740} INFO - There are 0 files in /opt/airflow/dags
[2026-09-15T08:32:03.146+0000] {manager.py:737} INFO - Searching for files in /opt/airflow/dags
[2026-09-15T08:32:03.151+0000] {manager.py:740} INFO - There are 0 files in /opt/airflow/dags
[2026-09-15T08:37:04.099+0000] {manager.py:737} INFO - Searching for files in /opt/airflow/dags
[2026-09-15T08:37:04.109+0000] {manager.py:740} INFO - There are 0 files in /opt/airflow/dags
[2026-09-15T08:42:04.957+0000] {manager.py:737} INFO - Searching for files in /opt/airflow/dags
[2026-09-15T08:42:04.966+0000] {manager.py:740} INFO - There are 0 files in /opt/airflow/dags
[2026-09-15T08:47:05.882+0000] {manager.py:737} INFO - Searching for files in /opt/airflow/dags
[2026-09-15T08:47:05.894+0000] {manager.py:740} INFO - There are 0 files in /opt/airflow/dags
[2026-09-15T08:52:06.742+0000] {manager.py:737} INFO - Searching for files in /opt/airflow/dags
[2026-09-15T08:52:06.748+0000] {manager.py:740} INFO - There are 0 files in /opt/airflow/dags
[2026-09-15T08:57:07.503+0000] {manager.py:737} INFO - Searching for files in /opt/airflow/dags
[2026-09-15T08:57:07.509+0000] {manager.py:740} INFO - There are 0 files in /opt/airflow/dags
[2026-09-15T09:02:08.345+0000] {manager.py:737} INFO - Searching for files in /opt/airflow/dags
[2026-09-15T09:02:08.358+0000] {manager.py:740} INFO - There are 0 files in /opt/airflow/dags
[2026-09-15T09:05:28.931+0000] {manager.py:452} INFO - Exiting gracefully upon receiving signal 15
[2026-09-15T10:56:12.824+0000] {manager.py:470} INFO - Processing files using up to 2 processes at a time 
[2026-09-15T10:56:12.827+0000] {manager.py:471} INFO - Process each file at most once every 30 seconds
[2026-09-15T10:56:12.828+0000] {manager.py:472} INFO - Checking for new files in /opt/airflow/dags every 300 seconds
[2026-09-15T10:56:12.829+0000] {manager.py:737} INFO - Searching for files in /opt/airflow/dags
[2026-09-15T10:56:12.834+0000] {manager.py:740} INFO - There are 0 files in /opt/airflow/dags
[2026-09-15T11:01:13.585+0000] {manager.py:737} INFO - Searching for files in /opt/airflow/dags
[2026-09-15T11:01:13.590+0000] {manager.py:740} INFO - There are 0 files in /opt/airflow/dags
[2026-09-15T11:06:14.113+0000] {manager.py:737} INFO - Searching for files in /opt/airflow/dags
[2026-09-15T11:06:14.118+0000] {manager.py:740} INFO - There are 0 files in /opt/airflow/dags
[2026-09-15T11:11:14.585+0000] {manager.py:737} INFO - Searching for files in /opt/airflow/dags
[2026-09-15T11:11:14.590+0000] {manager.py:740} INFO - There are 0 files in /opt/airflow/dags
[2026-09-15T11:16:15.077+0000] {manager.py:737} INFO - Searching for files in /opt/airflow/dags
[2026-09-15T11:16:15.082+0000] {manager.py:740} INFO - There are 0 files in /opt/airflow/dags
[2026-09-15T11:21:15.532+0000] {manager.py:737} INFO - Searching for files in /opt/airflow/dags
[2026-09-15T11:21:15.537+0000] {manager.py:740} INFO - There are 0 files in /opt/airflow/dags
[2026-09-15T11:26:16.159+0000] {manager.py:737} INFO - Searching for files in /opt/airflow/dags
[2026-09-15T11:26:16.163+0000] {manager.py:740} INFO - There are 0 files in /opt/airflow/dags
[2026-09-15T13:01:38.434+0000] {manager.py:737} INFO - Searching for files in /opt/airflow/dags
[2026-09-15T13:01:38.736+0000] {manager.py:740} INFO - There are 0 files in /opt/airflow/dags
[2026-09-15T13:10:14.055+0000] {manager.py:737} INFO - Searching for files in /opt/airflow/dags
[2026-09-15T13:10:14.099+0000] {manager.py:740} INFO - There are 0 files in /opt/airflow/dags
[2026-09-15T13:15:14.800+0000] {manager.py:737} INFO - Searching for files in /opt/airflow/dags
[2026-09-15T13:15:14.810+0000] {manager.py:740} INFO - There are 0 files in /opt/airflow/dags
[2026-09-15T13:20:15.301+0000] {manager.py:737} INFO - Searching for files in /opt/airflow/dags
[2026-09-15T13:20:15.311+0000] {manager.py:740} INFO - There are 0 files in /opt/airflow/dags
[2026-09-15T13:25:15.919+0000] {manager.py:737} INFO - Searching for files in /opt/airflow/dags
[2026-09-15T13:25:15.925+0000] {manager.py:740} INFO - There are 0 files in /opt/airflow/dags
[2026-09-15T13:30:16.336+0000] {manager.py:737} INFO - Searching for files in /opt/airflow/dags
[2026-09-15T13:30:16.341+0000] {manager.py:740} INFO - There are 0 files in /opt/airflow/dags
